Analysis & Synthesis report for PONG
Wed Mar 18 17:53:15 2026
Quartus Prime Version 23.1std.1 Build 993 05/14/2024 SC Lite Edition


---------------------
; Table of Contents ;
---------------------
  1. Legal Notice
  2. Analysis & Synthesis Summary
  3. Analysis & Synthesis Settings
  4. Parallel Compilation
  5. Analysis & Synthesis Source Files Read
  6. Analysis & Synthesis Resource Usage Summary
  7. Analysis & Synthesis Resource Utilization by Entity
  8. Registers Removed During Synthesis
  9. Removed Registers Triggering Further Register Optimizations
 10. General Register Statistics
 11. Inverted Register Statistics
 12. Multiplexer Restructuring Statistics (Restructuring Performed)
 13. Parameter Settings for User Entity Instance: BALL_LOGIC:ballLogic
 14. Parameter Settings for User Entity Instance: VGA_OUTPUT:displayOutput
 15. Parameter Settings for Inferred Entity Instance: NUM_TO_SEVSEG:playerOneScore|lpm_divide:Div1
 16. Parameter Settings for Inferred Entity Instance: NUM_TO_SEVSEG:playerOneScore|lpm_divide:Div0
 17. Parameter Settings for Inferred Entity Instance: NUM_TO_SEVSEG:playerOneScore|lpm_divide:Mod0
 18. Parameter Settings for Inferred Entity Instance: NUM_TO_SEVSEG:playerTwoScore|lpm_divide:Div1
 19. Parameter Settings for Inferred Entity Instance: NUM_TO_SEVSEG:playerTwoScore|lpm_divide:Div0
 20. Parameter Settings for Inferred Entity Instance: NUM_TO_SEVSEG:playerTwoScore|lpm_divide:Mod0
 21. Parameter Settings for Inferred Entity Instance: NUM_TO_SEVSEG:playerOneScore|lpm_divide:Mod1
 22. Parameter Settings for Inferred Entity Instance: NUM_TO_SEVSEG:playerTwoScore|lpm_divide:Mod1
 23. Port Connectivity Checks: "VGA_OUTPUT:displayOutput"
 24. Port Connectivity Checks: "BALL_LOGIC:ballLogic"
 25. Port Connectivity Checks: "NUM_TO_SEVSEG:playerOneScore|SEV_SEG_OUTPUT:right"
 26. Post-Synthesis Netlist Statistics for Top Partition
 27. Elapsed Time Per Partition
 28. Analysis & Synthesis Messages



----------------
; Legal Notice ;
----------------
Copyright (C) 2024  Intel Corporation. All rights reserved.
Your use of Intel Corporation's design tools, logic functions 
and other software and tools, and any partner logic 
functions, and any output files from any of the foregoing 
(including device programming or simulation files), and any 
associated documentation or information are expressly subject 
to the terms and conditions of the Intel Program License 
Subscription Agreement, the Intel Quartus Prime License Agreement,
the Intel FPGA IP License Agreement, or other applicable license
agreement, including, without limitation, that your use is for
the sole purpose of programming logic devices manufactured by
Intel and sold by Intel or its authorized distributors.  Please
refer to the applicable agreement for further details, at
https://fpgasoftware.intel.com/eula.



+----------------------------------------------------------------------------------+
; Analysis & Synthesis Summary                                                     ;
+---------------------------------+------------------------------------------------+
; Analysis & Synthesis Status     ; Successful - Wed Mar 18 17:53:15 2026          ;
; Quartus Prime Version           ; 23.1std.1 Build 993 05/14/2024 SC Lite Edition ;
; Revision Name                   ; PONG                                           ;
; Top-level Entity Name           ; PONG                                           ;
; Family                          ; Cyclone V                                      ;
; Logic utilization (in ALMs)     ; N/A                                            ;
; Total registers                 ; 125                                            ;
; Total pins                      ; 78                                             ;
; Total virtual pins              ; 0                                              ;
; Total block memory bits         ; 0                                              ;
; Total DSP Blocks                ; 0                                              ;
; Total HSSI RX PCSs              ; 0                                              ;
; Total HSSI PMA RX Deserializers ; 0                                              ;
; Total HSSI TX PCSs              ; 0                                              ;
; Total HSSI PMA TX Serializers   ; 0                                              ;
; Total PLLs                      ; 0                                              ;
; Total DLLs                      ; 0                                              ;
+---------------------------------+------------------------------------------------+


+---------------------------------------------------------------------------------------------------------------------------+
; Analysis & Synthesis Settings                                                                                             ;
+---------------------------------------------------------------------------------+--------------------+--------------------+
; Option                                                                          ; Setting            ; Default Value      ;
+---------------------------------------------------------------------------------+--------------------+--------------------+
; Device                                                                          ; 5CSXFC6D6F31C6     ;                    ;
; Top-level entity name                                                           ; PONG               ; PONG               ;
; Family name                                                                     ; Cyclone V          ; Cyclone V          ;
; Use smart compilation                                                           ; Off                ; Off                ;
; Enable parallel Assembler and Timing Analyzer during compilation                ; On                 ; On                 ;
; Enable compact report table                                                     ; Off                ; Off                ;
; Restructure Multiplexers                                                        ; Auto               ; Auto               ;
; MLAB Add Timing Constraints For Mixed-Port Feed-Through Mode Setting Don't Care ; Off                ; Off                ;
; Create Debugging Nodes for IP Cores                                             ; Off                ; Off                ;
; Preserve fewer node names                                                       ; On                 ; On                 ;
; Intel FPGA IP Evaluation Mode                                                   ; Enable             ; Enable             ;
; Verilog Version                                                                 ; Verilog_2001       ; Verilog_2001       ;
; VHDL Version                                                                    ; VHDL_1993          ; VHDL_1993          ;
; State Machine Processing                                                        ; Auto               ; Auto               ;
; Safe State Machine                                                              ; Off                ; Off                ;
; Extract Verilog State Machines                                                  ; On                 ; On                 ;
; Extract VHDL State Machines                                                     ; On                 ; On                 ;
; Ignore Verilog initial constructs                                               ; Off                ; Off                ;
; Iteration limit for constant Verilog loops                                      ; 5000               ; 5000               ;
; Iteration limit for non-constant Verilog loops                                  ; 250                ; 250                ;
; Add Pass-Through Logic to Inferred RAMs                                         ; On                 ; On                 ;
; Infer RAMs from Raw Logic                                                       ; On                 ; On                 ;
; Parallel Synthesis                                                              ; On                 ; On                 ;
; DSP Block Balancing                                                             ; Auto               ; Auto               ;
; NOT Gate Push-Back                                                              ; On                 ; On                 ;
; Power-Up Don't Care                                                             ; On                 ; On                 ;
; Remove Redundant Logic Cells                                                    ; Off                ; Off                ;
; Remove Duplicate Registers                                                      ; On                 ; On                 ;
; Ignore CARRY Buffers                                                            ; Off                ; Off                ;
; Ignore CASCADE Buffers                                                          ; Off                ; Off                ;
; Ignore GLOBAL Buffers                                                           ; Off                ; Off                ;
; Ignore ROW GLOBAL Buffers                                                       ; Off                ; Off                ;
; Ignore LCELL Buffers                                                            ; Off                ; Off                ;
; Ignore SOFT Buffers                                                             ; On                 ; On                 ;
; Limit AHDL Integers to 32 Bits                                                  ; Off                ; Off                ;
; Optimization Technique                                                          ; Balanced           ; Balanced           ;
; Carry Chain Length                                                              ; 70                 ; 70                 ;
; Auto Carry Chains                                                               ; On                 ; On                 ;
; Auto Open-Drain Pins                                                            ; On                 ; On                 ;
; Perform WYSIWYG Primitive Resynthesis                                           ; Off                ; Off                ;
; Auto ROM Replacement                                                            ; On                 ; On                 ;
; Auto RAM Replacement                                                            ; On                 ; On                 ;
; Auto DSP Block Replacement                                                      ; On                 ; On                 ;
; Auto Shift Register Replacement                                                 ; Auto               ; Auto               ;
; Allow Shift Register Merging across Hierarchies                                 ; Auto               ; Auto               ;
; Auto Clock Enable Replacement                                                   ; On                 ; On                 ;
; Strict RAM Replacement                                                          ; Off                ; Off                ;
; Allow Synchronous Control Signals                                               ; On                 ; On                 ;
; Force Use of Synchronous Clear Signals                                          ; Off                ; Off                ;
; Auto Resource Sharing                                                           ; Off                ; Off                ;
; Allow Any RAM Size For Recognition                                              ; Off                ; Off                ;
; Allow Any ROM Size For Recognition                                              ; Off                ; Off                ;
; Allow Any Shift Register Size For Recognition                                   ; Off                ; Off                ;
; Use LogicLock Constraints during Resource Balancing                             ; On                 ; On                 ;
; Ignore translate_off and synthesis_off directives                               ; Off                ; Off                ;
; Timing-Driven Synthesis                                                         ; On                 ; On                 ;
; Report Parameter Settings                                                       ; On                 ; On                 ;
; Report Source Assignments                                                       ; On                 ; On                 ;
; Report Connectivity Checks                                                      ; On                 ; On                 ;
; Ignore Maximum Fan-Out Assignments                                              ; Off                ; Off                ;
; Synchronization Register Chain Length                                           ; 3                  ; 3                  ;
; Power Optimization During Synthesis                                             ; Normal compilation ; Normal compilation ;
; HDL message level                                                               ; Level2             ; Level2             ;
; Suppress Register Optimization Related Messages                                 ; Off                ; Off                ;
; Number of Removed Registers Reported in Synthesis Report                        ; 5000               ; 5000               ;
; Number of Swept Nodes Reported in Synthesis Report                              ; 5000               ; 5000               ;
; Number of Inverted Registers Reported in Synthesis Report                       ; 100                ; 100                ;
; Clock MUX Protection                                                            ; On                 ; On                 ;
; Auto Gated Clock Conversion                                                     ; Off                ; Off                ;
; Block Design Naming                                                             ; Auto               ; Auto               ;
; SDC constraint protection                                                       ; Off                ; Off                ;
; Synthesis Effort                                                                ; Auto               ; Auto               ;
; Shift Register Replacement - Allow Asynchronous Clear Signal                    ; On                 ; On                 ;
; Pre-Mapping Resynthesis Optimization                                            ; Off                ; Off                ;
; Analysis & Synthesis Message Level                                              ; Medium             ; Medium             ;
; Disable Register Merging Across Hierarchies                                     ; Auto               ; Auto               ;
; Resource Aware Inference For Block RAM                                          ; On                 ; On                 ;
; Automatic Parallel Synthesis                                                    ; On                 ; On                 ;
; Partial Reconfiguration Bitstream ID                                            ; Off                ; Off                ;
+---------------------------------------------------------------------------------+--------------------+--------------------+


+------------------------------------------+
; Parallel Compilation                     ;
+----------------------------+-------------+
; Processors                 ; Number      ;
+----------------------------+-------------+
; Number detected on machine ; 8           ;
; Maximum allowed            ; 4           ;
;                            ;             ;
; Average used               ; 1.00        ;
; Maximum used               ; 4           ;
;                            ;             ;
; Usage by Processor         ; % Time Used ;
;     Processor 1            ; 100.0%      ;
;     Processor 2            ;   0.0%      ;
;     Processors 3-4         ;   0.0%      ;
+----------------------------+-------------+


+----------------------------------------------------------------------------------------------------------------------------------------------------------------------------------+
; Analysis & Synthesis Source Files Read                                                                                                                                           ;
+----------------------------------+-----------------+------------------------------+------------------------------------------------------------------------------------+---------+
; File Name with User-Entered Path ; Used in Netlist ; File Type                    ; File Name with Absolute Path                                                       ; Library ;
+----------------------------------+-----------------+------------------------------+------------------------------------------------------------------------------------+---------+
; PONG.v                           ; yes             ; User Verilog HDL File        ; C:/Users/domen/Desktop/ECE 2220 LABS/FINAL PROJECT/PONG/PONG.v                     ;         ;
; BALL_LOGIC.v                     ; yes             ; User Verilog HDL File        ; C:/Users/domen/Desktop/ECE 2220 LABS/FINAL PROJECT/PONG/BALL_LOGIC.v               ;         ;
; VGA_OUTPUT.v                     ; yes             ; User Verilog HDL File        ; C:/Users/domen/Desktop/ECE 2220 LABS/FINAL PROJECT/PONG/VGA_OUTPUT.v               ;         ;
; NUM_TO_SEVSEG.v                  ; yes             ; User Verilog HDL File        ; C:/Users/domen/Desktop/ECE 2220 LABS/FINAL PROJECT/PONG/NUM_TO_SEVSEG.v            ;         ;
; PUSH_BTN_INPUT.v                 ; yes             ; User Verilog HDL File        ; C:/Users/domen/Desktop/ECE 2220 LABS/FINAL PROJECT/PONG/PUSH_BTN_INPUT.v           ;         ;
; lpm_divide.tdf                   ; yes             ; Megafunction                 ; c:/intelfpga_lite/23.1std/quartus/libraries/megafunctions/lpm_divide.tdf           ;         ;
; abs_divider.inc                  ; yes             ; Megafunction                 ; c:/intelfpga_lite/23.1std/quartus/libraries/megafunctions/abs_divider.inc          ;         ;
; sign_div_unsign.inc              ; yes             ; Megafunction                 ; c:/intelfpga_lite/23.1std/quartus/libraries/megafunctions/sign_div_unsign.inc      ;         ;
; aglobal231.inc                   ; yes             ; Megafunction                 ; c:/intelfpga_lite/23.1std/quartus/libraries/megafunctions/aglobal231.inc           ;         ;
; db/lpm_divide_lbm.tdf            ; yes             ; Auto-Generated Megafunction  ; C:/Users/domen/Desktop/ECE 2220 LABS/FINAL PROJECT/PONG/db/lpm_divide_lbm.tdf      ;         ;
; db/sign_div_unsign_rlh.tdf       ; yes             ; Auto-Generated Megafunction  ; C:/Users/domen/Desktop/ECE 2220 LABS/FINAL PROJECT/PONG/db/sign_div_unsign_rlh.tdf ;         ;
; db/alt_u_div_sve.tdf             ; yes             ; Auto-Generated Megafunction  ; C:/Users/domen/Desktop/ECE 2220 LABS/FINAL PROJECT/PONG/db/alt_u_div_sve.tdf       ;         ;
; db/lpm_divide_ibm.tdf            ; yes             ; Auto-Generated Megafunction  ; C:/Users/domen/Desktop/ECE 2220 LABS/FINAL PROJECT/PONG/db/lpm_divide_ibm.tdf      ;         ;
; db/sign_div_unsign_olh.tdf       ; yes             ; Auto-Generated Megafunction  ; C:/Users/domen/Desktop/ECE 2220 LABS/FINAL PROJECT/PONG/db/sign_div_unsign_olh.tdf ;         ;
; db/alt_u_div_mve.tdf             ; yes             ; Auto-Generated Megafunction  ; C:/Users/domen/Desktop/ECE 2220 LABS/FINAL PROJECT/PONG/db/alt_u_div_mve.tdf       ;         ;
; db/lpm_divide_72m.tdf            ; yes             ; Auto-Generated Megafunction  ; C:/Users/domen/Desktop/ECE 2220 LABS/FINAL PROJECT/PONG/db/lpm_divide_72m.tdf      ;         ;
; db/sign_div_unsign_akh.tdf       ; yes             ; Auto-Generated Megafunction  ; C:/Users/domen/Desktop/ECE 2220 LABS/FINAL PROJECT/PONG/db/sign_div_unsign_akh.tdf ;         ;
; db/alt_u_div_qse.tdf             ; yes             ; Auto-Generated Megafunction  ; C:/Users/domen/Desktop/ECE 2220 LABS/FINAL PROJECT/PONG/db/alt_u_div_qse.tdf       ;         ;
; db/lpm_divide_a2m.tdf            ; yes             ; Auto-Generated Megafunction  ; C:/Users/domen/Desktop/ECE 2220 LABS/FINAL PROJECT/PONG/db/lpm_divide_a2m.tdf      ;         ;
; db/sign_div_unsign_dkh.tdf       ; yes             ; Auto-Generated Megafunction  ; C:/Users/domen/Desktop/ECE 2220 LABS/FINAL PROJECT/PONG/db/sign_div_unsign_dkh.tdf ;         ;
; db/alt_u_div_0te.tdf             ; yes             ; Auto-Generated Megafunction  ; C:/Users/domen/Desktop/ECE 2220 LABS/FINAL PROJECT/PONG/db/alt_u_div_0te.tdf       ;         ;
+----------------------------------+-----------------+------------------------------+------------------------------------------------------------------------------------+---------+


+-----------------------------------------------------+
; Analysis & Synthesis Resource Usage Summary         ;
+---------------------------------------------+-------+
; Resource                                    ; Usage ;
+---------------------------------------------+-------+
; Estimate of Logic utilization (ALMs needed) ; 526   ;
;                                             ;       ;
; Combinational ALUT usage for logic          ; 960   ;
;     -- 7 input functions                    ; 0     ;
;     -- 6 input functions                    ; 88    ;
;     -- 5 input functions                    ; 48    ;
;     -- 4 input functions                    ; 121   ;
;     -- <=3 input functions                  ; 703   ;
;                                             ;       ;
; Dedicated logic registers                   ; 125   ;
;                                             ;       ;
; I/O pins                                    ; 78    ;
;                                             ;       ;
; Total DSP Blocks                            ; 0     ;
;                                             ;       ;
; Maximum fan-out node                        ; clk25 ;
; Maximum fan-out                             ; 126   ;
; Total fan-out                               ; 3389  ;
; Average fan-out                             ; 2.73  ;
+---------------------------------------------+-------+


+------------------------------------------------------------------------------------------------------------------------------------------------------------------------------------------------------------------------------------------------------------------------------------------------------------------------------+
; Analysis & Synthesis Resource Utilization by Entity                                                                                                                                                                                                                                                                          ;
+-------------------------------------------+---------------------+---------------------------+-------------------+------------+------+--------------+------------------------------------------------------------------------------------------------------------------------------------+---------------------+--------------+
; Compilation Hierarchy Node                ; Combinational ALUTs ; Dedicated Logic Registers ; Block Memory Bits ; DSP Blocks ; Pins ; Virtual Pins ; Full Hierarchy Name                                                                                                                ; Entity Name         ; Library Name ;
+-------------------------------------------+---------------------+---------------------------+-------------------+------------+------+--------------+------------------------------------------------------------------------------------------------------------------------------------+---------------------+--------------+
; |PONG                                     ; 960 (1)             ; 125 (1)                   ; 0                 ; 0          ; 78   ; 0            ; |PONG                                                                                                                              ; PONG                ; work         ;
;    |BALL_LOGIC:ballLogic|                 ; 273 (273)           ; 70 (70)                   ; 0                 ; 0          ; 0    ; 0            ; |PONG|BALL_LOGIC:ballLogic                                                                                                         ; BALL_LOGIC          ; work         ;
;    |NUM_TO_SEVSEG:playerOneScore|         ; 258 (29)            ; 0 (0)                     ; 0                 ; 0          ; 0    ; 0            ; |PONG|NUM_TO_SEVSEG:playerOneScore                                                                                                 ; NUM_TO_SEVSEG       ; work         ;
;       |SEV_SEG_OUTPUT:center|             ; 7 (7)               ; 0 (0)                     ; 0                 ; 0          ; 0    ; 0            ; |PONG|NUM_TO_SEVSEG:playerOneScore|SEV_SEG_OUTPUT:center                                                                           ; SEV_SEG_OUTPUT      ; work         ;
;       |SEV_SEG_OUTPUT:left|               ; 7 (7)               ; 0 (0)                     ; 0                 ; 0          ; 0    ; 0            ; |PONG|NUM_TO_SEVSEG:playerOneScore|SEV_SEG_OUTPUT:left                                                                             ; SEV_SEG_OUTPUT      ; work         ;
;       |lpm_divide:Div0|                   ; 67 (0)              ; 0 (0)                     ; 0                 ; 0          ; 0    ; 0            ; |PONG|NUM_TO_SEVSEG:playerOneScore|lpm_divide:Div0                                                                                 ; lpm_divide          ; work         ;
;          |lpm_divide_ibm:auto_generated|  ; 67 (0)              ; 0 (0)                     ; 0                 ; 0          ; 0    ; 0            ; |PONG|NUM_TO_SEVSEG:playerOneScore|lpm_divide:Div0|lpm_divide_ibm:auto_generated                                                   ; lpm_divide_ibm      ; work         ;
;             |sign_div_unsign_olh:divider| ; 67 (0)              ; 0 (0)                     ; 0                 ; 0          ; 0    ; 0            ; |PONG|NUM_TO_SEVSEG:playerOneScore|lpm_divide:Div0|lpm_divide_ibm:auto_generated|sign_div_unsign_olh:divider                       ; sign_div_unsign_olh ; work         ;
;                |alt_u_div_mve:divider|    ; 67 (67)             ; 0 (0)                     ; 0                 ; 0          ; 0    ; 0            ; |PONG|NUM_TO_SEVSEG:playerOneScore|lpm_divide:Div0|lpm_divide_ibm:auto_generated|sign_div_unsign_olh:divider|alt_u_div_mve:divider ; alt_u_div_mve       ; work         ;
;       |lpm_divide:Div1|                   ; 148 (0)             ; 0 (0)                     ; 0                 ; 0          ; 0    ; 0            ; |PONG|NUM_TO_SEVSEG:playerOneScore|lpm_divide:Div1                                                                                 ; lpm_divide          ; work         ;
;          |lpm_divide_lbm:auto_generated|  ; 148 (0)             ; 0 (0)                     ; 0                 ; 0          ; 0    ; 0            ; |PONG|NUM_TO_SEVSEG:playerOneScore|lpm_divide:Div1|lpm_divide_lbm:auto_generated                                                   ; lpm_divide_lbm      ; work         ;
;             |sign_div_unsign_rlh:divider| ; 148 (0)             ; 0 (0)                     ; 0                 ; 0          ; 0    ; 0            ; |PONG|NUM_TO_SEVSEG:playerOneScore|lpm_divide:Div1|lpm_divide_lbm:auto_generated|sign_div_unsign_rlh:divider                       ; sign_div_unsign_rlh ; work         ;
;                |alt_u_div_sve:divider|    ; 148 (148)           ; 0 (0)                     ; 0                 ; 0          ; 0    ; 0            ; |PONG|NUM_TO_SEVSEG:playerOneScore|lpm_divide:Div1|lpm_divide_lbm:auto_generated|sign_div_unsign_rlh:divider|alt_u_div_sve:divider ; alt_u_div_sve       ; work         ;
;    |NUM_TO_SEVSEG:playerTwoScore|         ; 258 (29)            ; 0 (0)                     ; 0                 ; 0          ; 0    ; 0            ; |PONG|NUM_TO_SEVSEG:playerTwoScore                                                                                                 ; NUM_TO_SEVSEG       ; work         ;
;       |SEV_SEG_OUTPUT:center|             ; 7 (7)               ; 0 (0)                     ; 0                 ; 0          ; 0    ; 0            ; |PONG|NUM_TO_SEVSEG:playerTwoScore|SEV_SEG_OUTPUT:center                                                                           ; SEV_SEG_OUTPUT      ; work         ;
;       |SEV_SEG_OUTPUT:left|               ; 7 (7)               ; 0 (0)                     ; 0                 ; 0          ; 0    ; 0            ; |PONG|NUM_TO_SEVSEG:playerTwoScore|SEV_SEG_OUTPUT:left                                                                             ; SEV_SEG_OUTPUT      ; work         ;
;       |lpm_divide:Div0|                   ; 67 (0)              ; 0 (0)                     ; 0                 ; 0          ; 0    ; 0            ; |PONG|NUM_TO_SEVSEG:playerTwoScore|lpm_divide:Div0                                                                                 ; lpm_divide          ; work         ;
;          |lpm_divide_ibm:auto_generated|  ; 67 (0)              ; 0 (0)                     ; 0                 ; 0          ; 0    ; 0            ; |PONG|NUM_TO_SEVSEG:playerTwoScore|lpm_divide:Div0|lpm_divide_ibm:auto_generated                                                   ; lpm_divide_ibm      ; work         ;
;             |sign_div_unsign_olh:divider| ; 67 (0)              ; 0 (0)                     ; 0                 ; 0          ; 0    ; 0            ; |PONG|NUM_TO_SEVSEG:playerTwoScore|lpm_divide:Div0|lpm_divide_ibm:auto_generated|sign_div_unsign_olh:divider                       ; sign_div_unsign_olh ; work         ;
;                |alt_u_div_mve:divider|    ; 67 (67)             ; 0 (0)                     ; 0                 ; 0          ; 0    ; 0            ; |PONG|NUM_TO_SEVSEG:playerTwoScore|lpm_divide:Div0|lpm_divide_ibm:auto_generated|sign_div_unsign_olh:divider|alt_u_div_mve:divider ; alt_u_div_mve       ; work         ;
;       |lpm_divide:Div1|                   ; 148 (0)             ; 0 (0)                     ; 0                 ; 0          ; 0    ; 0            ; |PONG|NUM_TO_SEVSEG:playerTwoScore|lpm_divide:Div1                                                                                 ; lpm_divide          ; work         ;
;          |lpm_divide_lbm:auto_generated|  ; 148 (0)             ; 0 (0)                     ; 0                 ; 0          ; 0    ; 0            ; |PONG|NUM_TO_SEVSEG:playerTwoScore|lpm_divide:Div1|lpm_divide_lbm:auto_generated                                                   ; lpm_divide_lbm      ; work         ;
;             |sign_div_unsign_rlh:divider| ; 148 (0)             ; 0 (0)                     ; 0                 ; 0          ; 0    ; 0            ; |PONG|NUM_TO_SEVSEG:playerTwoScore|lpm_divide:Div1|lpm_divide_lbm:auto_generated|sign_div_unsign_rlh:divider                       ; sign_div_unsign_rlh ; work         ;
;                |alt_u_div_sve:divider|    ; 148 (148)           ; 0 (0)                     ; 0                 ; 0          ; 0    ; 0            ; |PONG|NUM_TO_SEVSEG:playerTwoScore|lpm_divide:Div1|lpm_divide_lbm:auto_generated|sign_div_unsign_rlh:divider|alt_u_div_sve:divider ; alt_u_div_sve       ; work         ;
;    |VGA_OUTPUT:displayOutput|             ; 170 (170)           ; 54 (54)                   ; 0                 ; 0          ; 0    ; 0            ; |PONG|VGA_OUTPUT:displayOutput                                                                                                     ; VGA_OUTPUT          ; work         ;
+-------------------------------------------+---------------------+---------------------------+-------------------+------------+------+--------------+------------------------------------------------------------------------------------------------------------------------------------+---------------------+--------------+
Note: For table entries with two numbers listed, the numbers in parentheses indicate the number of resources of the given type used by the specific entity alone. The numbers listed outside of parentheses indicate the total resources of the given type used by the specific entity and all of its sub-entities in the hierarchy.


+-----------------------------------------------------------------------------------------------+
; Registers Removed During Synthesis                                                            ;
+-----------------------------------------+-----------------------------------------------------+
; Register name                           ; Reason for Removal                                  ;
+-----------------------------------------+-----------------------------------------------------+
; BALL_LOGIC:ballLogic|launchMode[1]~reg0 ; Merged with BALL_LOGIC:ballLogic|launchMode[0]~reg0 ;
; BALL_LOGIC:ballLogic|ballX[3]~reg0      ; Stuck at GND due to stuck port data_in              ;
; BALL_LOGIC:ballLogic|ballX[5]~reg0      ; Stuck at GND due to stuck port data_in              ;
; BALL_LOGIC:ballLogic|ballX[6]~reg0      ; Stuck at GND due to stuck port data_in              ;
; BALL_LOGIC:ballLogic|ballX[9]~reg0      ; Stuck at GND due to stuck port data_in              ;
; scoreOne[0..6]                          ; Stuck at GND due to stuck port data_in              ;
; scoreTwo[0..6]                          ; Stuck at GND due to stuck port data_in              ;
; BALL_LOGIC:ballLogic|ballX[0]~reg0      ; Stuck at GND due to stuck port data_in              ;
; BALL_LOGIC:ballLogic|launchMode[0]~reg0 ; Stuck at VCC due to stuck port data_in              ;
; BALL_LOGIC:ballLogic|ballX[11]~reg0     ; Stuck at GND due to stuck port data_in              ;
; BALL_LOGIC:ballLogic|ballX[10]~reg0     ; Stuck at GND due to stuck port data_in              ;
; BALL_LOGIC:ballLogic|ballX[8]~reg0      ; Stuck at GND due to stuck port data_in              ;
; BALL_LOGIC:ballLogic|ballX[7]~reg0      ; Stuck at GND due to stuck port data_in              ;
; BALL_LOGIC:ballLogic|ballX[4]~reg0      ; Stuck at VCC due to stuck port data_in              ;
; BALL_LOGIC:ballLogic|ballX[2]~reg0      ; Stuck at VCC due to stuck port data_in              ;
; BALL_LOGIC:ballLogic|ballX[1]~reg0      ; Stuck at GND due to stuck port data_in              ;
; BALL_LOGIC:ballLogic|ballXVel[1]~reg0   ; Stuck at GND due to stuck port data_in              ;
; BALL_LOGIC:ballLogic|ballXVel[0]~reg0   ; Lost fanout                                         ;
; VGA_OUTPUT:displayOutput|rowChange[4,5] ; Stuck at GND due to stuck port data_in              ;
; Total Number of Removed Registers = 32  ;                                                     ;
+-----------------------------------------+-----------------------------------------------------+


+-------------------------------------------------------------------------------------------------------------------------------------------------+
; Removed Registers Triggering Further Register Optimizations                                                                                     ;
+-----------------------------------------+---------------------------+---------------------------------------------------------------------------+
; Register name                           ; Reason for Removal        ; Registers Removed due to This Register                                    ;
+-----------------------------------------+---------------------------+---------------------------------------------------------------------------+
; BALL_LOGIC:ballLogic|ballX[3]~reg0      ; Stuck at GND              ; BALL_LOGIC:ballLogic|ballX[11]~reg0, BALL_LOGIC:ballLogic|ballX[10]~reg0, ;
;                                         ; due to stuck port data_in ; BALL_LOGIC:ballLogic|ballX[8]~reg0, BALL_LOGIC:ballLogic|ballX[7]~reg0,   ;
;                                         ;                           ; BALL_LOGIC:ballLogic|ballXVel[0]~reg0                                     ;
; BALL_LOGIC:ballLogic|launchMode[0]~reg0 ; Stuck at VCC              ; BALL_LOGIC:ballLogic|ballXVel[1]~reg0                                     ;
;                                         ; due to stuck port data_in ;                                                                           ;
+-----------------------------------------+---------------------------+---------------------------------------------------------------------------+


+------------------------------------------------------+
; General Register Statistics                          ;
+----------------------------------------------+-------+
; Statistic                                    ; Value ;
+----------------------------------------------+-------+
; Total registers                              ; 125   ;
; Number of registers using Synchronous Clear  ; 80    ;
; Number of registers using Synchronous Load   ; 0     ;
; Number of registers using Asynchronous Clear ; 0     ;
; Number of registers using Asynchronous Load  ; 0     ;
; Number of registers using Clock Enable       ; 87    ;
; Number of registers using Preset             ; 0     ;
+----------------------------------------------+-------+


+----------------------------------------------------+
; Inverted Register Statistics                       ;
+------------------------------------------+---------+
; Inverted Register                        ; Fan out ;
+------------------------------------------+---------+
; BALL_LOGIC:ballLogic|blockerTwoY[7]~reg0 ; 5       ;
; BALL_LOGIC:ballLogic|blockerTwoY[6]~reg0 ; 5       ;
; BALL_LOGIC:ballLogic|blockerTwoY[5]~reg0 ; 5       ;
; BALL_LOGIC:ballLogic|blockerTwoY[4]~reg0 ; 5       ;
; BALL_LOGIC:ballLogic|blockerOneY[7]~reg0 ; 5       ;
; BALL_LOGIC:ballLogic|blockerOneY[6]~reg0 ; 5       ;
; BALL_LOGIC:ballLogic|blockerOneY[5]~reg0 ; 5       ;
; BALL_LOGIC:ballLogic|blockerOneY[4]~reg0 ; 5       ;
; BALL_LOGIC:ballLogic|ballY[7]~reg0       ; 6       ;
; BALL_LOGIC:ballLogic|ballY[6]~reg0       ; 6       ;
; BALL_LOGIC:ballLogic|ballY[5]~reg0       ; 6       ;
; BALL_LOGIC:ballLogic|ballY[4]~reg0       ; 6       ;
; Total number of inverted registers = 12  ;         ;
+------------------------------------------+---------+


+--------------------------------------------------------------------------------------------------------------------------------------------------------------+
; Multiplexer Restructuring Statistics (Restructuring Performed)                                                                                               ;
+--------------------+-----------+---------------+----------------------+------------------------+------------+------------------------------------------------+
; Multiplexer Inputs ; Bus Width ; Baseline Area ; Area if Restructured ; Saving if Restructured ; Registered ; Example Multiplexer Output                     ;
+--------------------+-----------+---------------+----------------------+------------------------+------------+------------------------------------------------+
; 3:1                ; 7 bits    ; 14 LEs        ; 7 LEs                ; 7 LEs                  ; Yes        ; |PONG|scoreOne[0]                              ;
; 3:1                ; 7 bits    ; 14 LEs        ; 7 LEs                ; 7 LEs                  ; Yes        ; |PONG|scoreTwo[0]                              ;
; 3:1                ; 12 bits   ; 24 LEs        ; 0 LEs                ; 24 LEs                 ; Yes        ; |PONG|VGA_OUTPUT:displayOutput|Hpos[3]         ;
; 3:1                ; 6 bits    ; 12 LEs        ; 12 LEs               ; 0 LEs                  ; Yes        ; |PONG|VGA_OUTPUT:displayOutput|rowChange[5]    ;
; 4:1                ; 8 bits    ; 16 LEs        ; 8 LEs                ; 8 LEs                  ; Yes        ; |PONG|BALL_LOGIC:ballLogic|blockerOneY[0]~reg0 ;
; 4:1                ; 12 bits   ; 24 LEs        ; 0 LEs                ; 24 LEs                 ; Yes        ; |PONG|VGA_OUTPUT:displayOutput|Vpos[5]         ;
; 4:1                ; 8 bits    ; 16 LEs        ; 8 LEs                ; 8 LEs                  ; Yes        ; |PONG|BALL_LOGIC:ballLogic|blockerTwoY[3]~reg0 ;
; 4:1                ; 32 bits   ; 64 LEs        ; 0 LEs                ; 64 LEs                 ; Yes        ; |PONG|BALL_LOGIC:ballLogic|clkCount[5]         ;
; 5:1                ; 6 bits    ; 18 LEs        ; 12 LEs               ; 6 LEs                  ; Yes        ; |PONG|BALL_LOGIC:ballLogic|ballX[10]~reg0      ;
; 5:1                ; 4 bits    ; 12 LEs        ; 8 LEs                ; 4 LEs                  ; Yes        ; |PONG|BALL_LOGIC:ballLogic|ballX[3]~reg0       ;
; 8:1                ; 2 bits    ; 10 LEs        ; 6 LEs                ; 4 LEs                  ; Yes        ; |PONG|BALL_LOGIC:ballLogic|ballYVel[0]~reg0    ;
; 12:1               ; 8 bits    ; 64 LEs        ; 16 LEs               ; 48 LEs                 ; Yes        ; |PONG|BALL_LOGIC:ballLogic|ballY[0]~reg0       ;
; 4:1                ; 4 bits    ; 8 LEs         ; 8 LEs                ; 0 LEs                  ; Yes        ; |PONG|BALL_LOGIC:ballLogic|blockerOneY[4]~reg0 ;
; 4:1                ; 4 bits    ; 8 LEs         ; 8 LEs                ; 0 LEs                  ; Yes        ; |PONG|BALL_LOGIC:ballLogic|blockerTwoY[4]~reg0 ;
; 12:1               ; 4 bits    ; 32 LEs        ; 12 LEs               ; 20 LEs                 ; Yes        ; |PONG|BALL_LOGIC:ballLogic|ballY[4]~reg0       ;
+--------------------+-----------+---------------+----------------------+------------------------+------------+------------------------------------------------+


+-------------------------------------------------------------------+
; Parameter Settings for User Entity Instance: BALL_LOGIC:ballLogic ;
+-----------------+---------+---------------------------------------+
; Parameter Name  ; Value   ; Type                                  ;
+-----------------+---------+---------------------------------------+
; CLK_SIZE        ; 2500000 ; Signed Integer                        ;
; BOARD_WIDTH     ; 640     ; Signed Integer                        ;
; BOARD_HEIGHT    ; 480     ; Signed Integer                        ;
; BALL_SIZE       ; 5       ; Signed Integer                        ;
; BLOCKER_WIDTH   ; 5       ; Signed Integer                        ;
; BLOCKER_SIZE    ; 20      ; Signed Integer                        ;
; BLOCKER_PADDING ; 15      ; Signed Integer                        ;
+-----------------+---------+---------------------------------------+
Note: In order to hide this table in the UI and the text report file, please set the "Show Parameter Settings in Synthesis Report" option in "Analysis and Synthesis Settings -> More Settings" to "Off".


+-----------------------------------------------------------------------+
; Parameter Settings for User Entity Instance: VGA_OUTPUT:displayOutput ;
+--------------------+-------+------------------------------------------+
; Parameter Name     ; Value ; Type                                     ;
+--------------------+-------+------------------------------------------+
; BOARD_WIDTH        ; 640   ; Signed Integer                           ;
; BOARD_HEIGHT       ; 480   ; Signed Integer                           ;
; BALL_SIZE          ; 5     ; Signed Integer                           ;
; BLOCKER_SIZE       ; 20    ; Signed Integer                           ;
; BLOCKER_PADDING    ; 15    ; Signed Integer                           ;
; BLOCKER_WIDTH      ; 5     ; Signed Integer                           ;
; CENTRE_ROW_BETWEEN ; 10    ; Signed Integer                           ;
; CENTRE_WIDTH       ; 5     ; Signed Integer                           ;
+--------------------+-------+------------------------------------------+
Note: In order to hide this table in the UI and the text report file, please set the "Show Parameter Settings in Synthesis Report" option in "Analysis and Synthesis Settings -> More Settings" to "Off".


+-----------------------------------------------------------------------------------------------+
; Parameter Settings for Inferred Entity Instance: NUM_TO_SEVSEG:playerOneScore|lpm_divide:Div1 ;
+------------------------+----------------+-----------------------------------------------------+
; Parameter Name         ; Value          ; Type                                                ;
+------------------------+----------------+-----------------------------------------------------+
; LPM_WIDTHN             ; 32             ; Untyped                                             ;
; LPM_WIDTHD             ; 7              ; Untyped                                             ;
; LPM_NREPRESENTATION    ; UNSIGNED       ; Untyped                                             ;
; LPM_DREPRESENTATION    ; UNSIGNED       ; Untyped                                             ;
; LPM_PIPELINE           ; 0              ; Untyped                                             ;
; LPM_REMAINDERPOSITIVE  ; TRUE           ; Untyped                                             ;
; MAXIMIZE_SPEED         ; 5              ; Untyped                                             ;
; CBXI_PARAMETER         ; lpm_divide_lbm ; Untyped                                             ;
; CARRY_CHAIN            ; MANUAL         ; Untyped                                             ;
; OPTIMIZE_FOR_SPEED     ; 5              ; Untyped                                             ;
; AUTO_CARRY_CHAINS      ; ON             ; AUTO_CARRY                                          ;
; IGNORE_CARRY_BUFFERS   ; OFF            ; IGNORE_CARRY                                        ;
; AUTO_CASCADE_CHAINS    ; ON             ; AUTO_CASCADE                                        ;
; IGNORE_CASCADE_BUFFERS ; OFF            ; IGNORE_CASCADE                                      ;
+------------------------+----------------+-----------------------------------------------------+
Note: In order to hide this table in the UI and the text report file, please set the "Show Parameter Settings in Synthesis Report" option in "Analysis and Synthesis Settings -> More Settings" to "Off".


+-----------------------------------------------------------------------------------------------+
; Parameter Settings for Inferred Entity Instance: NUM_TO_SEVSEG:playerOneScore|lpm_divide:Div0 ;
+------------------------+----------------+-----------------------------------------------------+
; Parameter Name         ; Value          ; Type                                                ;
+------------------------+----------------+-----------------------------------------------------+
; LPM_WIDTHN             ; 32             ; Untyped                                             ;
; LPM_WIDTHD             ; 4              ; Untyped                                             ;
; LPM_NREPRESENTATION    ; UNSIGNED       ; Untyped                                             ;
; LPM_DREPRESENTATION    ; UNSIGNED       ; Untyped                                             ;
; LPM_PIPELINE           ; 0              ; Untyped                                             ;
; LPM_REMAINDERPOSITIVE  ; TRUE           ; Untyped                                             ;
; MAXIMIZE_SPEED         ; 5              ; Untyped                                             ;
; CBXI_PARAMETER         ; lpm_divide_ibm ; Untyped                                             ;
; CARRY_CHAIN            ; MANUAL         ; Untyped                                             ;
; OPTIMIZE_FOR_SPEED     ; 5              ; Untyped                                             ;
; AUTO_CARRY_CHAINS      ; ON             ; AUTO_CARRY                                          ;
; IGNORE_CARRY_BUFFERS   ; OFF            ; IGNORE_CARRY                                        ;
; AUTO_CASCADE_CHAINS    ; ON             ; AUTO_CASCADE                                        ;
; IGNORE_CASCADE_BUFFERS ; OFF            ; IGNORE_CASCADE                                      ;
+------------------------+----------------+-----------------------------------------------------+
Note: In order to hide this table in the UI and the text report file, please set the "Show Parameter Settings in Synthesis Report" option in "Analysis and Synthesis Settings -> More Settings" to "Off".


+-----------------------------------------------------------------------------------------------+
; Parameter Settings for Inferred Entity Instance: NUM_TO_SEVSEG:playerOneScore|lpm_divide:Mod0 ;
+------------------------+----------------+-----------------------------------------------------+
; Parameter Name         ; Value          ; Type                                                ;
+------------------------+----------------+-----------------------------------------------------+
; LPM_WIDTHN             ; 7              ; Untyped                                             ;
; LPM_WIDTHD             ; 4              ; Untyped                                             ;
; LPM_NREPRESENTATION    ; UNSIGNED       ; Untyped                                             ;
; LPM_DREPRESENTATION    ; UNSIGNED       ; Untyped                                             ;
; LPM_PIPELINE           ; 0              ; Untyped                                             ;
; LPM_REMAINDERPOSITIVE  ; TRUE           ; Untyped                                             ;
; MAXIMIZE_SPEED         ; 5              ; Untyped                                             ;
; CBXI_PARAMETER         ; lpm_divide_72m ; Untyped                                             ;
; CARRY_CHAIN            ; MANUAL         ; Untyped                                             ;
; OPTIMIZE_FOR_SPEED     ; 5              ; Untyped                                             ;
; AUTO_CARRY_CHAINS      ; ON             ; AUTO_CARRY                                          ;
; IGNORE_CARRY_BUFFERS   ; OFF            ; IGNORE_CARRY                                        ;
; AUTO_CASCADE_CHAINS    ; ON             ; AUTO_CASCADE                                        ;
; IGNORE_CASCADE_BUFFERS ; OFF            ; IGNORE_CASCADE                                      ;
+------------------------+----------------+-----------------------------------------------------+
Note: In order to hide this table in the UI and the text report file, please set the "Show Parameter Settings in Synthesis Report" option in "Analysis and Synthesis Settings -> More Settings" to "Off".


+-----------------------------------------------------------------------------------------------+
; Parameter Settings for Inferred Entity Instance: NUM_TO_SEVSEG:playerTwoScore|lpm_divide:Div1 ;
+------------------------+----------------+-----------------------------------------------------+
; Parameter Name         ; Value          ; Type                                                ;
+------------------------+----------------+-----------------------------------------------------+
; LPM_WIDTHN             ; 32             ; Untyped                                             ;
; LPM_WIDTHD             ; 7              ; Untyped                                             ;
; LPM_NREPRESENTATION    ; UNSIGNED       ; Untyped                                             ;
; LPM_DREPRESENTATION    ; UNSIGNED       ; Untyped                                             ;
; LPM_PIPELINE           ; 0              ; Untyped                                             ;
; LPM_REMAINDERPOSITIVE  ; TRUE           ; Untyped                                             ;
; MAXIMIZE_SPEED         ; 5              ; Untyped                                             ;
; CBXI_PARAMETER         ; lpm_divide_lbm ; Untyped                                             ;
; CARRY_CHAIN            ; MANUAL         ; Untyped                                             ;
; OPTIMIZE_FOR_SPEED     ; 5              ; Untyped                                             ;
; AUTO_CARRY_CHAINS      ; ON             ; AUTO_CARRY                                          ;
; IGNORE_CARRY_BUFFERS   ; OFF            ; IGNORE_CARRY                                        ;
; AUTO_CASCADE_CHAINS    ; ON             ; AUTO_CASCADE                                        ;
; IGNORE_CASCADE_BUFFERS ; OFF            ; IGNORE_CASCADE                                      ;
+------------------------+----------------+-----------------------------------------------------+
Note: In order to hide this table in the UI and the text report file, please set the "Show Parameter Settings in Synthesis Report" option in "Analysis and Synthesis Settings -> More Settings" to "Off".


+-----------------------------------------------------------------------------------------------+
; Parameter Settings for Inferred Entity Instance: NUM_TO_SEVSEG:playerTwoScore|lpm_divide:Div0 ;
+------------------------+----------------+-----------------------------------------------------+
; Parameter Name         ; Value          ; Type                                                ;
+------------------------+----------------+-----------------------------------------------------+
; LPM_WIDTHN             ; 32             ; Untyped                                             ;
; LPM_WIDTHD             ; 4              ; Untyped                                             ;
; LPM_NREPRESENTATION    ; UNSIGNED       ; Untyped                                             ;
; LPM_DREPRESENTATION    ; UNSIGNED       ; Untyped                                             ;
; LPM_PIPELINE           ; 0              ; Untyped                                             ;
; LPM_REMAINDERPOSITIVE  ; TRUE           ; Untyped                                             ;
; MAXIMIZE_SPEED         ; 5              ; Untyped                                             ;
; CBXI_PARAMETER         ; lpm_divide_ibm ; Untyped                                             ;
; CARRY_CHAIN            ; MANUAL         ; Untyped                                             ;
; OPTIMIZE_FOR_SPEED     ; 5              ; Untyped                                             ;
; AUTO_CARRY_CHAINS      ; ON             ; AUTO_CARRY                                          ;
; IGNORE_CARRY_BUFFERS   ; OFF            ; IGNORE_CARRY                                        ;
; AUTO_CASCADE_CHAINS    ; ON             ; AUTO_CASCADE                                        ;
; IGNORE_CASCADE_BUFFERS ; OFF            ; IGNORE_CASCADE                                      ;
+------------------------+----------------+-----------------------------------------------------+
Note: In order to hide this table in the UI and the text report file, please set the "Show Parameter Settings in Synthesis Report" option in "Analysis and Synthesis Settings -> More Settings" to "Off".


+-----------------------------------------------------------------------------------------------+
; Parameter Settings for Inferred Entity Instance: NUM_TO_SEVSEG:playerTwoScore|lpm_divide:Mod0 ;
+------------------------+----------------+-----------------------------------------------------+
; Parameter Name         ; Value          ; Type                                                ;
+------------------------+----------------+-----------------------------------------------------+
; LPM_WIDTHN             ; 7              ; Untyped                                             ;
; LPM_WIDTHD             ; 4              ; Untyped                                             ;
; LPM_NREPRESENTATION    ; UNSIGNED       ; Untyped                                             ;
; LPM_DREPRESENTATION    ; UNSIGNED       ; Untyped                                             ;
; LPM_PIPELINE           ; 0              ; Untyped                                             ;
; LPM_REMAINDERPOSITIVE  ; TRUE           ; Untyped                                             ;
; MAXIMIZE_SPEED         ; 5              ; Untyped                                             ;
; CBXI_PARAMETER         ; lpm_divide_72m ; Untyped                                             ;
; CARRY_CHAIN            ; MANUAL         ; Untyped                                             ;
; OPTIMIZE_FOR_SPEED     ; 5              ; Untyped                                             ;
; AUTO_CARRY_CHAINS      ; ON             ; AUTO_CARRY                                          ;
; IGNORE_CARRY_BUFFERS   ; OFF            ; IGNORE_CARRY                                        ;
; AUTO_CASCADE_CHAINS    ; ON             ; AUTO_CASCADE                                        ;
; IGNORE_CASCADE_BUFFERS ; OFF            ; IGNORE_CASCADE                                      ;
+------------------------+----------------+-----------------------------------------------------+
Note: In order to hide this table in the UI and the text report file, please set the "Show Parameter Settings in Synthesis Report" option in "Analysis and Synthesis Settings -> More Settings" to "Off".


+-----------------------------------------------------------------------------------------------+
; Parameter Settings for Inferred Entity Instance: NUM_TO_SEVSEG:playerOneScore|lpm_divide:Mod1 ;
+------------------------+----------------+-----------------------------------------------------+
; Parameter Name         ; Value          ; Type                                                ;
+------------------------+----------------+-----------------------------------------------------+
; LPM_WIDTHN             ; 7              ; Untyped                                             ;
; LPM_WIDTHD             ; 7              ; Untyped                                             ;
; LPM_NREPRESENTATION    ; UNSIGNED       ; Untyped                                             ;
; LPM_DREPRESENTATION    ; UNSIGNED       ; Untyped                                             ;
; LPM_PIPELINE           ; 0              ; Untyped                                             ;
; LPM_REMAINDERPOSITIVE  ; TRUE           ; Untyped                                             ;
; MAXIMIZE_SPEED         ; 5              ; Untyped                                             ;
; CBXI_PARAMETER         ; lpm_divide_a2m ; Untyped                                             ;
; CARRY_CHAIN            ; MANUAL         ; Untyped                                             ;
; OPTIMIZE_FOR_SPEED     ; 5              ; Untyped                                             ;
; AUTO_CARRY_CHAINS      ; ON             ; AUTO_CARRY                                          ;
; IGNORE_CARRY_BUFFERS   ; OFF            ; IGNORE_CARRY                                        ;
; AUTO_CASCADE_CHAINS    ; ON             ; AUTO_CASCADE                                        ;
; IGNORE_CASCADE_BUFFERS ; OFF            ; IGNORE_CASCADE                                      ;
+------------------------+----------------+-----------------------------------------------------+
Note: In order to hide this table in the UI and the text report file, please set the "Show Parameter Settings in Synthesis Report" option in "Analysis and Synthesis Settings -> More Settings" to "Off".


+-----------------------------------------------------------------------------------------------+
; Parameter Settings for Inferred Entity Instance: NUM_TO_SEVSEG:playerTwoScore|lpm_divide:Mod1 ;
+------------------------+----------------+-----------------------------------------------------+
; Parameter Name         ; Value          ; Type                                                ;
+------------------------+----------------+-----------------------------------------------------+
; LPM_WIDTHN             ; 7              ; Untyped                                             ;
; LPM_WIDTHD             ; 7              ; Untyped                                             ;
; LPM_NREPRESENTATION    ; UNSIGNED       ; Untyped                                             ;
; LPM_DREPRESENTATION    ; UNSIGNED       ; Untyped                                             ;
; LPM_PIPELINE           ; 0              ; Untyped                                             ;
; LPM_REMAINDERPOSITIVE  ; TRUE           ; Untyped                                             ;
; MAXIMIZE_SPEED         ; 5              ; Untyped                                             ;
; CBXI_PARAMETER         ; lpm_divide_a2m ; Untyped                                             ;
; CARRY_CHAIN            ; MANUAL         ; Untyped                                             ;
; OPTIMIZE_FOR_SPEED     ; 5              ; Untyped                                             ;
; AUTO_CARRY_CHAINS      ; ON             ; AUTO_CARRY                                          ;
; IGNORE_CARRY_BUFFERS   ; OFF            ; IGNORE_CARRY                                        ;
; AUTO_CASCADE_CHAINS    ; ON             ; AUTO_CASCADE                                        ;
; IGNORE_CASCADE_BUFFERS ; OFF            ; IGNORE_CASCADE                                      ;
+------------------------+----------------+-----------------------------------------------------+
Note: In order to hide this table in the UI and the text report file, please set the "Show Parameter Settings in Synthesis Report" option in "Analysis and Synthesis Settings -> More Settings" to "Off".


+---------------------------------------------------------+
; Port Connectivity Checks: "VGA_OUTPUT:displayOutput"    ;
+-----------------------+-------+----------+--------------+
; Port                  ; Type  ; Severity ; Details      ;
+-----------------------+-------+----------+--------------+
; backgroundCol[23..17] ; Input ; Info     ; Stuck at VCC ;
; backgroundCol[16..0]  ; Input ; Info     ; Stuck at GND ;
; objectCol             ; Input ; Info     ; Stuck at VCC ;
+-----------------------+-------+----------+--------------+


+---------------------------------------------------------------------------------------------------------------------+
; Port Connectivity Checks: "BALL_LOGIC:ballLogic"                                                                    ;
+------------+-------+----------+-------------------------------------------------------------------------------------+
; Port       ; Type  ; Severity ; Details                                                                             ;
+------------+-------+----------+-------------------------------------------------------------------------------------+
; ballXVel   ; Bidir ; Warning  ; Connected to dangling logic. Logic that only feeds a dangling port will be removed. ;
; ballYVel   ; Bidir ; Warning  ; Connected to dangling logic. Logic that only feeds a dangling port will be removed. ;
; launchMode ; Bidir ; Warning  ; Connected to dangling logic. Logic that only feeds a dangling port will be removed. ;
+------------+-------+----------+-------------------------------------------------------------------------------------+


+--------------------------------------------------------------------------------------------------------------------------------------------------------------------------------------------------------------------+
; Port Connectivity Checks: "NUM_TO_SEVSEG:playerOneScore|SEV_SEG_OUTPUT:right"                                                                                                                                      ;
+------------+-------+----------+------------------------------------------------------------------------------------------------------------------------------------------------------------------------------------+
; Port       ; Type  ; Severity ; Details                                                                                                                                                                            ;
+------------+-------+----------+------------------------------------------------------------------------------------------------------------------------------------------------------------------------------------+
; enable     ; Input ; Warning  ; Input port expression (32 bits) is wider than the input port (1 bits) it drives.  The 31 most-significant bit(s) in the expression will be dangling if they have no other fanouts. ;
; enable[-1] ; Input ; Info     ; Stuck at VCC                                                                                                                                                                       ;
+------------+-------+----------+------------------------------------------------------------------------------------------------------------------------------------------------------------------------------------+


+-----------------------------------------------------+
; Post-Synthesis Netlist Statistics for Top Partition ;
+-----------------------+-----------------------------+
; Type                  ; Count                       ;
+-----------------------+-----------------------------+
; arriav_ff             ; 125                         ;
;     ENA               ; 19                          ;
;     ENA SCLR          ; 68                          ;
;     SCLR              ; 12                          ;
;     plain             ; 26                          ;
; arriav_lcell_comb     ; 964                         ;
;     arith             ; 491                         ;
;         0 data inputs ; 92                          ;
;         1 data inputs ; 206                         ;
;         2 data inputs ; 43                          ;
;         3 data inputs ; 98                          ;
;         4 data inputs ; 52                          ;
;     normal            ; 411                         ;
;         0 data inputs ; 2                           ;
;         1 data inputs ; 3                           ;
;         2 data inputs ; 132                         ;
;         3 data inputs ; 69                          ;
;         4 data inputs ; 69                          ;
;         5 data inputs ; 48                          ;
;         6 data inputs ; 88                          ;
;     shared            ; 62                          ;
;         0 data inputs ; 32                          ;
;         1 data inputs ; 30                          ;
; boundary_port         ; 78                          ;
;                       ;                             ;
; Max LUT depth         ; 32.00                       ;
; Average LUT depth     ; 17.02                       ;
+-----------------------+-----------------------------+


+-------------------------------+
; Elapsed Time Per Partition    ;
+----------------+--------------+
; Partition Name ; Elapsed Time ;
+----------------+--------------+
; Top            ; 00:00:02     ;
+----------------+--------------+


+-------------------------------+
; Analysis & Synthesis Messages ;
+-------------------------------+
Info: *******************************************************************
Info: Running Quartus Prime Analysis & Synthesis
    Info: Version 23.1std.1 Build 993 05/14/2024 SC Lite Edition
    Info: Processing started: Wed Mar 18 17:53:02 2026
Info: Command: quartus_map --read_settings_files=on --write_settings_files=off PONG -c PONG
Warning (18236): Number of processors has not been specified which may cause overloading on shared machines.  Set the global assignment NUM_PARALLEL_PROCESSORS in your QSF to an appropriate value for best performance.
Info (20030): Parallel compilation is enabled and will use 4 of the 4 processors detected
Warning (10275): Verilog HDL Module Instantiation warning at PONG.v(138): ignored dangling comma in List of Port Connections File: C:/Users/domen/Desktop/ECE 2220 LABS/FINAL PROJECT/PONG/PONG.v Line: 138
Warning (10275): Verilog HDL Module Instantiation warning at PONG.v(176): ignored dangling comma in List of Port Connections File: C:/Users/domen/Desktop/ECE 2220 LABS/FINAL PROJECT/PONG/PONG.v Line: 176
Info (12021): Found 1 design units, including 1 entities, in source file pong.v
    Info (12023): Found entity 1: PONG File: C:/Users/domen/Desktop/ECE 2220 LABS/FINAL PROJECT/PONG/PONG.v Line: 7
Info (12021): Found 1 design units, including 1 entities, in source file ball_logic.v
    Info (12023): Found entity 1: BALL_LOGIC File: C:/Users/domen/Desktop/ECE 2220 LABS/FINAL PROJECT/PONG/BALL_LOGIC.v Line: 7
Info (12021): Found 1 design units, including 1 entities, in source file vga_output.v
    Info (12023): Found entity 1: VGA_OUTPUT File: C:/Users/domen/Desktop/ECE 2220 LABS/FINAL PROJECT/PONG/VGA_OUTPUT.v Line: 8
Info (12021): Found 2 design units, including 2 entities, in source file num_to_sevseg.v
    Info (12023): Found entity 1: NUM_TO_SEVSEG File: C:/Users/domen/Desktop/ECE 2220 LABS/FINAL PROJECT/PONG/NUM_TO_SEVSEG.v Line: 6
    Info (12023): Found entity 2: SEV_SEG_OUTPUT File: C:/Users/domen/Desktop/ECE 2220 LABS/FINAL PROJECT/PONG/NUM_TO_SEVSEG.v Line: 57
Info (12021): Found 1 design units, including 1 entities, in source file push_btn_input.v
    Info (12023): Found entity 1: PUSH_BTN_INPUT File: C:/Users/domen/Desktop/ECE 2220 LABS/FINAL PROJECT/PONG/PUSH_BTN_INPUT.v Line: 6
Info (12021): Found 1 design units, including 1 entities, in source file char_to_vga.v
    Info (12023): Found entity 1: CHAR_TO_VGA File: C:/Users/domen/Desktop/ECE 2220 LABS/FINAL PROJECT/PONG/CHAR_TO_VGA.v Line: 7
Info (12127): Elaborating entity "PONG" for the top level hierarchy
Info (12128): Elaborating entity "NUM_TO_SEVSEG" for hierarchy "NUM_TO_SEVSEG:playerOneScore" File: C:/Users/domen/Desktop/ECE 2220 LABS/FINAL PROJECT/PONG/PONG.v Line: 91
Warning (10230): Verilog HDL assignment warning at NUM_TO_SEVSEG.v(22): truncated value with size 32 to match size of target (4) File: C:/Users/domen/Desktop/ECE 2220 LABS/FINAL PROJECT/PONG/NUM_TO_SEVSEG.v Line: 22
Warning (10230): Verilog HDL assignment warning at NUM_TO_SEVSEG.v(23): truncated value with size 32 to match size of target (4) File: C:/Users/domen/Desktop/ECE 2220 LABS/FINAL PROJECT/PONG/NUM_TO_SEVSEG.v Line: 23
Warning (10230): Verilog HDL assignment warning at NUM_TO_SEVSEG.v(24): truncated value with size 32 to match size of target (4) File: C:/Users/domen/Desktop/ECE 2220 LABS/FINAL PROJECT/PONG/NUM_TO_SEVSEG.v Line: 24
Info (12128): Elaborating entity "SEV_SEG_OUTPUT" for hierarchy "NUM_TO_SEVSEG:playerOneScore|SEV_SEG_OUTPUT:left" File: C:/Users/domen/Desktop/ECE 2220 LABS/FINAL PROJECT/PONG/NUM_TO_SEVSEG.v Line: 36
Info (12128): Elaborating entity "BALL_LOGIC" for hierarchy "BALL_LOGIC:ballLogic" File: C:/Users/domen/Desktop/ECE 2220 LABS/FINAL PROJECT/PONG/PONG.v Line: 138
Warning (10230): Verilog HDL assignment warning at BALL_LOGIC.v(45): truncated value with size 32 to match size of target (12) File: C:/Users/domen/Desktop/ECE 2220 LABS/FINAL PROJECT/PONG/BALL_LOGIC.v Line: 45
Warning (10230): Verilog HDL assignment warning at BALL_LOGIC.v(46): truncated value with size 32 to match size of target (12) File: C:/Users/domen/Desktop/ECE 2220 LABS/FINAL PROJECT/PONG/BALL_LOGIC.v Line: 46
Warning (10230): Verilog HDL assignment warning at BALL_LOGIC.v(50): truncated value with size 32 to match size of target (12) File: C:/Users/domen/Desktop/ECE 2220 LABS/FINAL PROJECT/PONG/BALL_LOGIC.v Line: 50
Warning (10230): Verilog HDL assignment warning at BALL_LOGIC.v(51): truncated value with size 32 to match size of target (12) File: C:/Users/domen/Desktop/ECE 2220 LABS/FINAL PROJECT/PONG/BALL_LOGIC.v Line: 51
Warning (10230): Verilog HDL assignment warning at BALL_LOGIC.v(64): truncated value with size 32 to match size of target (12) File: C:/Users/domen/Desktop/ECE 2220 LABS/FINAL PROJECT/PONG/BALL_LOGIC.v Line: 64
Warning (10230): Verilog HDL assignment warning at BALL_LOGIC.v(65): truncated value with size 32 to match size of target (12) File: C:/Users/domen/Desktop/ECE 2220 LABS/FINAL PROJECT/PONG/BALL_LOGIC.v Line: 65
Warning (10230): Verilog HDL assignment warning at BALL_LOGIC.v(69): truncated value with size 32 to match size of target (12) File: C:/Users/domen/Desktop/ECE 2220 LABS/FINAL PROJECT/PONG/BALL_LOGIC.v Line: 69
Warning (10230): Verilog HDL assignment warning at BALL_LOGIC.v(70): truncated value with size 32 to match size of target (12) File: C:/Users/domen/Desktop/ECE 2220 LABS/FINAL PROJECT/PONG/BALL_LOGIC.v Line: 70
Warning (10230): Verilog HDL assignment warning at BALL_LOGIC.v(102): truncated value with size 32 to match size of target (7) File: C:/Users/domen/Desktop/ECE 2220 LABS/FINAL PROJECT/PONG/BALL_LOGIC.v Line: 102
Warning (10230): Verilog HDL assignment warning at BALL_LOGIC.v(105): truncated value with size 32 to match size of target (12) File: C:/Users/domen/Desktop/ECE 2220 LABS/FINAL PROJECT/PONG/BALL_LOGIC.v Line: 105
Warning (10230): Verilog HDL assignment warning at BALL_LOGIC.v(117): truncated value with size 32 to match size of target (7) File: C:/Users/domen/Desktop/ECE 2220 LABS/FINAL PROJECT/PONG/BALL_LOGIC.v Line: 117
Warning (10230): Verilog HDL assignment warning at BALL_LOGIC.v(120): truncated value with size 32 to match size of target (12) File: C:/Users/domen/Desktop/ECE 2220 LABS/FINAL PROJECT/PONG/BALL_LOGIC.v Line: 120
Warning (10230): Verilog HDL assignment warning at BALL_LOGIC.v(127): truncated value with size 32 to match size of target (12) File: C:/Users/domen/Desktop/ECE 2220 LABS/FINAL PROJECT/PONG/BALL_LOGIC.v Line: 127
Warning (10230): Verilog HDL assignment warning at BALL_LOGIC.v(129): truncated value with size 32 to match size of target (12) File: C:/Users/domen/Desktop/ECE 2220 LABS/FINAL PROJECT/PONG/BALL_LOGIC.v Line: 129
Warning (10230): Verilog HDL assignment warning at BALL_LOGIC.v(133): truncated value with size 32 to match size of target (12) File: C:/Users/domen/Desktop/ECE 2220 LABS/FINAL PROJECT/PONG/BALL_LOGIC.v Line: 133
Warning (10230): Verilog HDL assignment warning at BALL_LOGIC.v(135): truncated value with size 32 to match size of target (12) File: C:/Users/domen/Desktop/ECE 2220 LABS/FINAL PROJECT/PONG/BALL_LOGIC.v Line: 135
Warning (10230): Verilog HDL assignment warning at BALL_LOGIC.v(152): truncated value with size 32 to match size of target (12) File: C:/Users/domen/Desktop/ECE 2220 LABS/FINAL PROJECT/PONG/BALL_LOGIC.v Line: 152
Warning (10230): Verilog HDL assignment warning at BALL_LOGIC.v(155): truncated value with size 32 to match size of target (12) File: C:/Users/domen/Desktop/ECE 2220 LABS/FINAL PROJECT/PONG/BALL_LOGIC.v Line: 155
Warning (10230): Verilog HDL assignment warning at BALL_LOGIC.v(160): truncated value with size 32 to match size of target (12) File: C:/Users/domen/Desktop/ECE 2220 LABS/FINAL PROJECT/PONG/BALL_LOGIC.v Line: 160
Warning (10230): Verilog HDL assignment warning at BALL_LOGIC.v(164): truncated value with size 32 to match size of target (12) File: C:/Users/domen/Desktop/ECE 2220 LABS/FINAL PROJECT/PONG/BALL_LOGIC.v Line: 164
Warning (10230): Verilog HDL assignment warning at BALL_LOGIC.v(180): truncated value with size 32 to match size of target (12) File: C:/Users/domen/Desktop/ECE 2220 LABS/FINAL PROJECT/PONG/BALL_LOGIC.v Line: 180
Warning (10230): Verilog HDL assignment warning at BALL_LOGIC.v(183): truncated value with size 32 to match size of target (12) File: C:/Users/domen/Desktop/ECE 2220 LABS/FINAL PROJECT/PONG/BALL_LOGIC.v Line: 183
Warning (10230): Verilog HDL assignment warning at BALL_LOGIC.v(188): truncated value with size 32 to match size of target (12) File: C:/Users/domen/Desktop/ECE 2220 LABS/FINAL PROJECT/PONG/BALL_LOGIC.v Line: 188
Warning (10230): Verilog HDL assignment warning at BALL_LOGIC.v(191): truncated value with size 32 to match size of target (12) File: C:/Users/domen/Desktop/ECE 2220 LABS/FINAL PROJECT/PONG/BALL_LOGIC.v Line: 191
Info (12128): Elaborating entity "VGA_OUTPUT" for hierarchy "VGA_OUTPUT:displayOutput" File: C:/Users/domen/Desktop/ECE 2220 LABS/FINAL PROJECT/PONG/PONG.v Line: 176
Warning (10230): Verilog HDL assignment warning at VGA_OUTPUT.v(79): truncated value with size 32 to match size of target (12) File: C:/Users/domen/Desktop/ECE 2220 LABS/FINAL PROJECT/PONG/VGA_OUTPUT.v Line: 79
Warning (10230): Verilog HDL assignment warning at VGA_OUTPUT.v(88): truncated value with size 32 to match size of target (6) File: C:/Users/domen/Desktop/ECE 2220 LABS/FINAL PROJECT/PONG/VGA_OUTPUT.v Line: 88
Warning (10230): Verilog HDL assignment warning at VGA_OUTPUT.v(93): truncated value with size 32 to match size of target (12) File: C:/Users/domen/Desktop/ECE 2220 LABS/FINAL PROJECT/PONG/VGA_OUTPUT.v Line: 93
Info (12128): Elaborating entity "PUSH_BTN_INPUT" for hierarchy "PUSH_BTN_INPUT:p1_inputs" File: C:/Users/domen/Desktop/ECE 2220 LABS/FINAL PROJECT/PONG/PONG.v Line: 186
Warning (12020): Port "enable" on the entity instantiation of "right" is connected to a signal of width 32. The formal width of the signal in the module is 1.  The extra bits will be ignored. File: C:/Users/domen/Desktop/ECE 2220 LABS/FINAL PROJECT/PONG/NUM_TO_SEVSEG.v Line: 48
Info (278001): Inferred 8 megafunctions from design logic
    Info (278004): Inferred divider/modulo megafunction ("lpm_divide") from the following logic: "NUM_TO_SEVSEG:playerOneScore|Div1" File: C:/Users/domen/Desktop/ECE 2220 LABS/FINAL PROJECT/PONG/NUM_TO_SEVSEG.v Line: 24
    Info (278004): Inferred divider/modulo megafunction ("lpm_divide") from the following logic: "NUM_TO_SEVSEG:playerOneScore|Div0" File: C:/Users/domen/Desktop/ECE 2220 LABS/FINAL PROJECT/PONG/NUM_TO_SEVSEG.v Line: 23
    Info (278004): Inferred divider/modulo megafunction ("lpm_divide") from the following logic: "NUM_TO_SEVSEG:playerOneScore|Mod0" File: C:/Users/domen/Desktop/ECE 2220 LABS/FINAL PROJECT/PONG/NUM_TO_SEVSEG.v Line: 22
    Info (278004): Inferred divider/modulo megafunction ("lpm_divide") from the following logic: "NUM_TO_SEVSEG:playerTwoScore|Div1" File: C:/Users/domen/Desktop/ECE 2220 LABS/FINAL PROJECT/PONG/NUM_TO_SEVSEG.v Line: 24
    Info (278004): Inferred divider/modulo megafunction ("lpm_divide") from the following logic: "NUM_TO_SEVSEG:playerTwoScore|Div0" File: C:/Users/domen/Desktop/ECE 2220 LABS/FINAL PROJECT/PONG/NUM_TO_SEVSEG.v Line: 23
    Info (278004): Inferred divider/modulo megafunction ("lpm_divide") from the following logic: "NUM_TO_SEVSEG:playerTwoScore|Mod0" File: C:/Users/domen/Desktop/ECE 2220 LABS/FINAL PROJECT/PONG/NUM_TO_SEVSEG.v Line: 22
    Info (278004): Inferred divider/modulo megafunction ("lpm_divide") from the following logic: "NUM_TO_SEVSEG:playerOneScore|Mod1" File: C:/Users/domen/Desktop/ECE 2220 LABS/FINAL PROJECT/PONG/NUM_TO_SEVSEG.v Line: 23
    Info (278004): Inferred divider/modulo megafunction ("lpm_divide") from the following logic: "NUM_TO_SEVSEG:playerTwoScore|Mod1" File: C:/Users/domen/Desktop/ECE 2220 LABS/FINAL PROJECT/PONG/NUM_TO_SEVSEG.v Line: 23
Info (12130): Elaborated megafunction instantiation "NUM_TO_SEVSEG:playerOneScore|lpm_divide:Div1" File: C:/Users/domen/Desktop/ECE 2220 LABS/FINAL PROJECT/PONG/NUM_TO_SEVSEG.v Line: 24
Info (12133): Instantiated megafunction "NUM_TO_SEVSEG:playerOneScore|lpm_divide:Div1" with the following parameter: File: C:/Users/domen/Desktop/ECE 2220 LABS/FINAL PROJECT/PONG/NUM_TO_SEVSEG.v Line: 24
    Info (12134): Parameter "LPM_WIDTHN" = "32"
    Info (12134): Parameter "LPM_WIDTHD" = "7"
    Info (12134): Parameter "LPM_NREPRESENTATION" = "UNSIGNED"
    Info (12134): Parameter "LPM_DREPRESENTATION" = "UNSIGNED"
Info (12021): Found 1 design units, including 1 entities, in source file db/lpm_divide_lbm.tdf
    Info (12023): Found entity 1: lpm_divide_lbm File: C:/Users/domen/Desktop/ECE 2220 LABS/FINAL PROJECT/PONG/db/lpm_divide_lbm.tdf Line: 25
Info (12021): Found 1 design units, including 1 entities, in source file db/sign_div_unsign_rlh.tdf
    Info (12023): Found entity 1: sign_div_unsign_rlh File: C:/Users/domen/Desktop/ECE 2220 LABS/FINAL PROJECT/PONG/db/sign_div_unsign_rlh.tdf Line: 25
Info (12021): Found 1 design units, including 1 entities, in source file db/alt_u_div_sve.tdf
    Info (12023): Found entity 1: alt_u_div_sve File: C:/Users/domen/Desktop/ECE 2220 LABS/FINAL PROJECT/PONG/db/alt_u_div_sve.tdf Line: 23
Info (12130): Elaborated megafunction instantiation "NUM_TO_SEVSEG:playerOneScore|lpm_divide:Div0" File: C:/Users/domen/Desktop/ECE 2220 LABS/FINAL PROJECT/PONG/NUM_TO_SEVSEG.v Line: 23
Info (12133): Instantiated megafunction "NUM_TO_SEVSEG:playerOneScore|lpm_divide:Div0" with the following parameter: File: C:/Users/domen/Desktop/ECE 2220 LABS/FINAL PROJECT/PONG/NUM_TO_SEVSEG.v Line: 23
    Info (12134): Parameter "LPM_WIDTHN" = "32"
    Info (12134): Parameter "LPM_WIDTHD" = "4"
    Info (12134): Parameter "LPM_NREPRESENTATION" = "UNSIGNED"
    Info (12134): Parameter "LPM_DREPRESENTATION" = "UNSIGNED"
Info (12021): Found 1 design units, including 1 entities, in source file db/lpm_divide_ibm.tdf
    Info (12023): Found entity 1: lpm_divide_ibm File: C:/Users/domen/Desktop/ECE 2220 LABS/FINAL PROJECT/PONG/db/lpm_divide_ibm.tdf Line: 25
Info (12021): Found 1 design units, including 1 entities, in source file db/sign_div_unsign_olh.tdf
    Info (12023): Found entity 1: sign_div_unsign_olh File: C:/Users/domen/Desktop/ECE 2220 LABS/FINAL PROJECT/PONG/db/sign_div_unsign_olh.tdf Line: 25
Info (12021): Found 1 design units, including 1 entities, in source file db/alt_u_div_mve.tdf
    Info (12023): Found entity 1: alt_u_div_mve File: C:/Users/domen/Desktop/ECE 2220 LABS/FINAL PROJECT/PONG/db/alt_u_div_mve.tdf Line: 23
Info (12130): Elaborated megafunction instantiation "NUM_TO_SEVSEG:playerOneScore|lpm_divide:Mod0" File: C:/Users/domen/Desktop/ECE 2220 LABS/FINAL PROJECT/PONG/NUM_TO_SEVSEG.v Line: 22
Info (12133): Instantiated megafunction "NUM_TO_SEVSEG:playerOneScore|lpm_divide:Mod0" with the following parameter: File: C:/Users/domen/Desktop/ECE 2220 LABS/FINAL PROJECT/PONG/NUM_TO_SEVSEG.v Line: 22
    Info (12134): Parameter "LPM_WIDTHN" = "7"
    Info (12134): Parameter "LPM_WIDTHD" = "4"
    Info (12134): Parameter "LPM_NREPRESENTATION" = "UNSIGNED"
    Info (12134): Parameter "LPM_DREPRESENTATION" = "UNSIGNED"
Info (12021): Found 1 design units, including 1 entities, in source file db/lpm_divide_72m.tdf
    Info (12023): Found entity 1: lpm_divide_72m File: C:/Users/domen/Desktop/ECE 2220 LABS/FINAL PROJECT/PONG/db/lpm_divide_72m.tdf Line: 25
Info (12021): Found 1 design units, including 1 entities, in source file db/sign_div_unsign_akh.tdf
    Info (12023): Found entity 1: sign_div_unsign_akh File: C:/Users/domen/Desktop/ECE 2220 LABS/FINAL PROJECT/PONG/db/sign_div_unsign_akh.tdf Line: 25
Info (12021): Found 1 design units, including 1 entities, in source file db/alt_u_div_qse.tdf
    Info (12023): Found entity 1: alt_u_div_qse File: C:/Users/domen/Desktop/ECE 2220 LABS/FINAL PROJECT/PONG/db/alt_u_div_qse.tdf Line: 23
Info (12130): Elaborated megafunction instantiation "NUM_TO_SEVSEG:playerOneScore|lpm_divide:Mod1" File: C:/Users/domen/Desktop/ECE 2220 LABS/FINAL PROJECT/PONG/NUM_TO_SEVSEG.v Line: 23
Info (12133): Instantiated megafunction "NUM_TO_SEVSEG:playerOneScore|lpm_divide:Mod1" with the following parameter: File: C:/Users/domen/Desktop/ECE 2220 LABS/FINAL PROJECT/PONG/NUM_TO_SEVSEG.v Line: 23
    Info (12134): Parameter "LPM_WIDTHN" = "7"
    Info (12134): Parameter "LPM_WIDTHD" = "7"
    Info (12134): Parameter "LPM_NREPRESENTATION" = "UNSIGNED"
    Info (12134): Parameter "LPM_DREPRESENTATION" = "UNSIGNED"
Info (12021): Found 1 design units, including 1 entities, in source file db/lpm_divide_a2m.tdf
    Info (12023): Found entity 1: lpm_divide_a2m File: C:/Users/domen/Desktop/ECE 2220 LABS/FINAL PROJECT/PONG/db/lpm_divide_a2m.tdf Line: 25
Info (12021): Found 1 design units, including 1 entities, in source file db/sign_div_unsign_dkh.tdf
    Info (12023): Found entity 1: sign_div_unsign_dkh File: C:/Users/domen/Desktop/ECE 2220 LABS/FINAL PROJECT/PONG/db/sign_div_unsign_dkh.tdf Line: 25
Info (12021): Found 1 design units, including 1 entities, in source file db/alt_u_div_0te.tdf
    Info (12023): Found entity 1: alt_u_div_0te File: C:/Users/domen/Desktop/ECE 2220 LABS/FINAL PROJECT/PONG/db/alt_u_div_0te.tdf Line: 23
Warning (12241): 2 hierarchies have connectivity warnings - see the Connectivity Checks report folder
Warning (13024): Output pins are stuck at VCC or GND
    Warning (13410): Pin "sevSegP1R[0]" is stuck at GND File: C:/Users/domen/Desktop/ECE 2220 LABS/FINAL PROJECT/PONG/PONG.v Line: 24
    Warning (13410): Pin "sevSegP1R[1]" is stuck at GND File: C:/Users/domen/Desktop/ECE 2220 LABS/FINAL PROJECT/PONG/PONG.v Line: 24
    Warning (13410): Pin "sevSegP1R[2]" is stuck at GND File: C:/Users/domen/Desktop/ECE 2220 LABS/FINAL PROJECT/PONG/PONG.v Line: 24
    Warning (13410): Pin "sevSegP1R[3]" is stuck at GND File: C:/Users/domen/Desktop/ECE 2220 LABS/FINAL PROJECT/PONG/PONG.v Line: 24
    Warning (13410): Pin "sevSegP1R[4]" is stuck at GND File: C:/Users/domen/Desktop/ECE 2220 LABS/FINAL PROJECT/PONG/PONG.v Line: 24
    Warning (13410): Pin "sevSegP1R[5]" is stuck at GND File: C:/Users/domen/Desktop/ECE 2220 LABS/FINAL PROJECT/PONG/PONG.v Line: 24
    Warning (13410): Pin "sevSegP1R[6]" is stuck at VCC File: C:/Users/domen/Desktop/ECE 2220 LABS/FINAL PROJECT/PONG/PONG.v Line: 24
    Warning (13410): Pin "sevSegP2R[0]" is stuck at GND File: C:/Users/domen/Desktop/ECE 2220 LABS/FINAL PROJECT/PONG/PONG.v Line: 27
    Warning (13410): Pin "sevSegP2R[1]" is stuck at GND File: C:/Users/domen/Desktop/ECE 2220 LABS/FINAL PROJECT/PONG/PONG.v Line: 27
    Warning (13410): Pin "sevSegP2R[2]" is stuck at GND File: C:/Users/domen/Desktop/ECE 2220 LABS/FINAL PROJECT/PONG/PONG.v Line: 27
    Warning (13410): Pin "sevSegP2R[3]" is stuck at GND File: C:/Users/domen/Desktop/ECE 2220 LABS/FINAL PROJECT/PONG/PONG.v Line: 27
    Warning (13410): Pin "sevSegP2R[4]" is stuck at GND File: C:/Users/domen/Desktop/ECE 2220 LABS/FINAL PROJECT/PONG/PONG.v Line: 27
    Warning (13410): Pin "sevSegP2R[5]" is stuck at GND File: C:/Users/domen/Desktop/ECE 2220 LABS/FINAL PROJECT/PONG/PONG.v Line: 27
    Warning (13410): Pin "sevSegP2R[6]" is stuck at VCC File: C:/Users/domen/Desktop/ECE 2220 LABS/FINAL PROJECT/PONG/PONG.v Line: 27
Info (286030): Timing-Driven Synthesis is running
Info (17049): 1 registers lost all their fanouts during netlist optimizations.
Info (16010): Generating hard_block partition "hard_block:auto_generated_inst"
    Info (16011): Adding 0 node(s), including 0 DDIO, 0 PLL, 0 transceiver and 0 LCELL
Info (21057): Implemented 1062 device resources after synthesis - the final resource count might be different
    Info (21058): Implemented 7 input pins
    Info (21059): Implemented 71 output pins
    Info (21061): Implemented 984 logic cells
Info: Quartus Prime Analysis & Synthesis was successful. 0 errors, 50 warnings
    Info: Peak virtual memory: 4884 megabytes
    Info: Processing ended: Wed Mar 18 17:53:15 2026
    Info: Elapsed time: 00:00:13
    Info: Total CPU time (on all processors): 00:00:26


