------------------------------------------------------------
Timing Analyzer Summary
------------------------------------------------------------

Type  : Slow 1100mV 85C Model Setup 'clk25'
Slack : -26.916
TNS   : -2271.117

Type  : Slow 1100mV 85C Model Setup 'VGA_OUTPUT:displayOutput|asciiSml[0]'
Slack : -21.529
TNS   : -21.529

Type  : Slow 1100mV 85C Model Setup 'VGA_OUTPUT:displayOutput|ascii[0]'
Slack : -17.199
TNS   : -17.199

Type  : Slow 1100mV 85C Model Setup 'VGA_OUTPUT:displayOutput|asciiNum[0]'
Slack : -6.704
TNS   : -6.704

Type  : Slow 1100mV 85C Model Setup 'clk50'
Slack : -2.499
TNS   : -2.499

Type  : Slow 1100mV 85C Model Hold 'VGA_OUTPUT:displayOutput|asciiNum[0]'
Slack : -0.187
TNS   : -0.187

Type  : Slow 1100mV 85C Model Hold 'VGA_OUTPUT:displayOutput|asciiSml[0]'
Slack : 0.348
TNS   : 0.000

Type  : Slow 1100mV 85C Model Hold 'clk25'
Slack : 0.365
TNS   : 0.000

Type  : Slow 1100mV 85C Model Hold 'VGA_OUTPUT:displayOutput|ascii[0]'
Slack : 0.583
TNS   : 0.000

Type  : Slow 1100mV 85C Model Hold 'clk50'
Slack : 0.924
TNS   : 0.000

Type  : Slow 1100mV 85C Model Minimum Pulse Width 'VGA_OUTPUT:displayOutput|asciiSml[0]'
Slack : -1.024
TNS   : -5.986

Type  : Slow 1100mV 85C Model Minimum Pulse Width 'clk50'
Slack : -0.414
TNS   : -0.808

Type  : Slow 1100mV 85C Model Minimum Pulse Width 'VGA_OUTPUT:displayOutput|asciiNum[0]'
Slack : -0.410
TNS   : -1.755

Type  : Slow 1100mV 85C Model Minimum Pulse Width 'clk25'
Slack : -0.394
TNS   : -142.890

Type  : Slow 1100mV 85C Model Minimum Pulse Width 'VGA_OUTPUT:displayOutput|ascii[0]'
Slack : 0.373
TNS   : 0.000

Type  : Slow 1100mV 0C Model Setup 'clk25'
Slack : -27.675
TNS   : -2226.201

Type  : Slow 1100mV 0C Model Setup 'VGA_OUTPUT:displayOutput|asciiSml[0]'
Slack : -21.871
TNS   : -21.871

Type  : Slow 1100mV 0C Model Setup 'VGA_OUTPUT:displayOutput|ascii[0]'
Slack : -17.605
TNS   : -17.605

Type  : Slow 1100mV 0C Model Setup 'VGA_OUTPUT:displayOutput|asciiNum[0]'
Slack : -6.507
TNS   : -6.507

Type  : Slow 1100mV 0C Model Setup 'clk50'
Slack : -2.257
TNS   : -2.257

Type  : Slow 1100mV 0C Model Hold 'VGA_OUTPUT:displayOutput|asciiNum[0]'
Slack : -0.380
TNS   : -0.380

Type  : Slow 1100mV 0C Model Hold 'VGA_OUTPUT:displayOutput|asciiSml[0]'
Slack : 0.267
TNS   : 0.000

Type  : Slow 1100mV 0C Model Hold 'clk25'
Slack : 0.354
TNS   : 0.000

Type  : Slow 1100mV 0C Model Hold 'VGA_OUTPUT:displayOutput|ascii[0]'
Slack : 0.508
TNS   : 0.000

Type  : Slow 1100mV 0C Model Hold 'clk50'
Slack : 0.758
TNS   : 0.000

Type  : Slow 1100mV 0C Model Minimum Pulse Width 'VGA_OUTPUT:displayOutput|asciiSml[0]'
Slack : -1.018
TNS   : -5.846

Type  : Slow 1100mV 0C Model Minimum Pulse Width 'VGA_OUTPUT:displayOutput|asciiNum[0]'
Slack : -0.472
TNS   : -2.036

Type  : Slow 1100mV 0C Model Minimum Pulse Width 'clk50'
Slack : -0.430
TNS   : -0.824

Type  : Slow 1100mV 0C Model Minimum Pulse Width 'clk25'
Slack : -0.394
TNS   : -140.660

Type  : Slow 1100mV 0C Model Minimum Pulse Width 'VGA_OUTPUT:displayOutput|ascii[0]'
Slack : 0.386
TNS   : 0.000

Type  : Fast 1100mV 85C Model Setup 'clk25'
Slack : -13.965
TNS   : -1284.419

Type  : Fast 1100mV 85C Model Setup 'VGA_OUTPUT:displayOutput|asciiSml[0]'
Slack : -10.861
TNS   : -10.861

Type  : Fast 1100mV 85C Model Setup 'VGA_OUTPUT:displayOutput|ascii[0]'
Slack : -9.194
TNS   : -9.194

Type  : Fast 1100mV 85C Model Setup 'VGA_OUTPUT:displayOutput|asciiNum[0]'
Slack : -3.700
TNS   : -3.700

Type  : Fast 1100mV 85C Model Setup 'clk50'
Slack : -1.807
TNS   : -1.807

Type  : Fast 1100mV 85C Model Hold 'VGA_OUTPUT:displayOutput|asciiNum[0]'
Slack : -0.158
TNS   : -0.158

Type  : Fast 1100mV 85C Model Hold 'VGA_OUTPUT:displayOutput|asciiSml[0]'
Slack : 0.048
TNS   : 0.000

Type  : Fast 1100mV 85C Model Hold 'clk25'
Slack : 0.145
TNS   : 0.000

Type  : Fast 1100mV 85C Model Hold 'VGA_OUTPUT:displayOutput|ascii[0]'
Slack : 0.247
TNS   : 0.000

Type  : Fast 1100mV 85C Model Hold 'clk50'
Slack : 0.804
TNS   : 0.000

Type  : Fast 1100mV 85C Model Minimum Pulse Width 'clk50'
Slack : -0.438
TNS   : -0.528

Type  : Fast 1100mV 85C Model Minimum Pulse Width 'VGA_OUTPUT:displayOutput|asciiSml[0]'
Slack : -0.412
TNS   : -2.167

Type  : Fast 1100mV 85C Model Minimum Pulse Width 'clk25'
Slack : -0.128
TNS   : -5.011

Type  : Fast 1100mV 85C Model Minimum Pulse Width 'VGA_OUTPUT:displayOutput|asciiNum[0]'
Slack : 0.039
TNS   : 0.000

Type  : Fast 1100mV 85C Model Minimum Pulse Width 'VGA_OUTPUT:displayOutput|ascii[0]'
Slack : 0.358
TNS   : 0.000

Type  : Fast 1100mV 0C Model Setup 'clk25'
Slack : -13.168
TNS   : -1149.806

Type  : Fast 1100mV 0C Model Setup 'VGA_OUTPUT:displayOutput|asciiSml[0]'
Slack : -10.095
TNS   : -10.095

Type  : Fast 1100mV 0C Model Setup 'VGA_OUTPUT:displayOutput|ascii[0]'
Slack : -8.705
TNS   : -8.705

Type  : Fast 1100mV 0C Model Setup 'VGA_OUTPUT:displayOutput|asciiNum[0]'
Slack : -3.303
TNS   : -3.303

Type  : Fast 1100mV 0C Model Setup 'clk50'
Slack : -1.432
TNS   : -1.432

Type  : Fast 1100mV 0C Model Hold 'VGA_OUTPUT:displayOutput|asciiNum[0]'
Slack : -0.223
TNS   : -0.223

Type  : Fast 1100mV 0C Model Hold 'VGA_OUTPUT:displayOutput|asciiSml[0]'
Slack : 0.016
TNS   : 0.000

Type  : Fast 1100mV 0C Model Hold 'clk25'
Slack : 0.123
TNS   : 0.000

Type  : Fast 1100mV 0C Model Hold 'VGA_OUTPUT:displayOutput|ascii[0]'
Slack : 0.235
TNS   : 0.000

Type  : Fast 1100mV 0C Model Hold 'clk50'
Slack : 0.489
TNS   : 0.000

Type  : Fast 1100mV 0C Model Minimum Pulse Width 'clk50'
Slack : -0.444
TNS   : -0.547

Type  : Fast 1100mV 0C Model Minimum Pulse Width 'VGA_OUTPUT:displayOutput|asciiSml[0]'
Slack : -0.317
TNS   : -1.687

Type  : Fast 1100mV 0C Model Minimum Pulse Width 'clk25'
Slack : -0.055
TNS   : -1.345

Type  : Fast 1100mV 0C Model Minimum Pulse Width 'VGA_OUTPUT:displayOutput|asciiNum[0]'
Slack : 0.067
TNS   : 0.000

Type  : Fast 1100mV 0C Model Minimum Pulse Width 'VGA_OUTPUT:displayOutput|ascii[0]'
Slack : 0.384
TNS   : 0.000

------------------------------------------------------------
